2026-09-23 11:00:33 | INFO | __main__ | Pipeline started
2026-09-23 11:00:33 | ERROR | __main__ | CSV not found: data\freshbasket_checkouts.csv
Traceback (most recent call last):
  File "c:\Users\TWH\Smart-city-traffic-capstone-\part2_python\pipeline.py", line 46, in load_raw
    df = pd.read_csv(path)
  File "C:\Users\TWH\Smart-city-traffic-capstone-\.venv\Lib\site-packages\pandas\io\parsers\readers.py", line 872, in read_csv
    return _read(filepath_or_buffer, kwds)
  File "C:\Users\TWH\Smart-city-traffic-capstone-\.venv\Lib\site-packages\pandas\io\parsers\readers.py", line 300, in _read
    parser = TextFileReader(filepath_or_buffer, **kwds)
  File "C:\Users\TWH\Smart-city-traffic-capstone-\.venv\Lib\site-packages\pandas\io\parsers\readers.py", line 1643, in __init__
    self._engine = self._make_engine(f, self.engine)
                   ~~~~~~~~~~~~~~~~~^^^^^^^^^^^^^^^^
  File "C:\Users\TWH\Smart-city-traffic-capstone-\.venv\Lib\site-packages\pandas\io\parsers\readers.py", line 1907, in _make_engine
    self.handles = get_handle(
                   ~~~~~~~~~~^
        f,
        ^^
    ...<6 lines>...
        storage_options=self.options.get("storage_options", None),
        ^^^^^^^^^^^^^^^^^^^^^^^^^^^^^^^^^^^^^^^^^^^^^^^^^^^^^^^^^^
    )
    ^
  File "C:\Users\TWH\Smart-city-traffic-capstone-\.venv\Lib\site-packages\pandas\io\common.py", line 930, in get_handle
    handle = open(
        handle,
    ...<3 lines>...
        newline="",
    )
FileNotFoundError: [Errno 2] No such file or directory: 'data\\freshbasket_checkouts.csv'
